W01: finite=242880 missing=0 baseline=site_imbalance@32
W02: finite=242880 missing=0 baseline=low_yield@32
W03: finite=242880 missing=0 baseline=low_yield@32
W04: finite=242880 missing=0 baseline=none
W05: finite=242880 missing=0 baseline=none
W06: finite=242880 missing=0 baseline=none
W07: finite=242880 missing=0 baseline=none
W08: finite=242880 missing=0 baseline=none
W09: finite=242880 missing=0 baseline=low_yield@72
W10: finite=242880 missing=0 baseline=none
W11: finite=242880 missing=0 baseline=none
W12: finite=242880 missing=0 baseline=none
W13: finite=242880 missing=0 baseline=none
W14: finite=242880 missing=0 baseline=mean_drift_up@32,mean_drift_down@56,spread_down@64
W15: finite=242880 missing=0 baseline=none
W16: finite=242880 missing=0 baseline=none
W17: finite=242880 missing=0 baseline=none
W18: finite=242880 missing=0 baseline=mean_drift_down@32,mean_drift_up@56,spread_down@64
W19: finite=242880 missing=0 baseline=none
W20: finite=242880 missing=0 baseline=none
W21: finite=242880 missing=0 baseline=none
W22: finite=242880 missing=0 baseline=none
W23: finite=242880 missing=0 baseline=mean_drift_up@32,mean_drift_down@32,spread_up@40,spread_down@72
W24: finite=242880 missing=0 baseline=none
W25: finite=242880 missing=0 baseline=none
Traceback (most recent call last):
  File "<frozen runpy>", line 198, in _run_module_as_main
  File "<frozen runpy>", line 88, in _run_code
  File "C:\Users\USER\Documents\hackathon2026\workstreams\prediction\spread_audit.py", line 367, in <module>
    main()
  File "C:\Users\USER\Documents\hackathon2026\workstreams\prediction\spread_audit.py", line 363, in main
    run(output)
  File "C:\Users\USER\Documents\hackathon2026\workstreams\prediction\spread_audit.py", line 343, in run
    raise ValueError('Audit consistency failure')
ValueError: Audit consistency failure
